------------------------------------------------------------
Timing Analyzer Summary
------------------------------------------------------------

Type  : Slow 1100mV 85C Model Setup 'clock'
Slack : -2.705
TNS   : -145.392

Type  : Slow 1100mV 85C Model Hold 'clock'
Slack : 0.344
TNS   : 0.000

Type  : Slow 1100mV 85C Model Minimum Pulse Width 'clock'
Slack : -0.538
TNS   : -62.805

Type  : Slow 1100mV 0C Model Setup 'clock'
Slack : -2.769
TNS   : -148.377

Type  : Slow 1100mV 0C Model Hold 'clock'
Slack : 0.327
TNS   : 0.000

Type  : Slow 1100mV 0C Model Minimum Pulse Width 'clock'
Slack : -0.538
TNS   : -64.702

Type  : Fast 1100mV 85C Model Setup 'clock'
Slack : -0.727
TNS   : -31.241

Type  : Fast 1100mV 85C Model Hold 'clock'
Slack : 0.175
TNS   : 0.000

Type  : Fast 1100mV 85C Model Minimum Pulse Width 'clock'
Slack : -0.098
TNS   : -7.618

Type  : Fast 1100mV 0C Model Setup 'clock'
Slack : -0.598
TNS   : -23.880

Type  : Fast 1100mV 0C Model Hold 'clock'
Slack : 0.159
TNS   : 0.000

Type  : Fast 1100mV 0C Model Minimum Pulse Width 'clock'
Slack : -0.098
TNS   : -7.677

------------------------------------------------------------
